---
source: tests/snapshot_tests.rs
expression: colored
---
[36m┌──────────────────────────────── Box Title ─────────────────────────────────┐[0m
[36m│ Box Title                                                                 │[0m
[36m│ Line 1 content                                                            │[0m
[36m│ Line 2 content                                                            │[0m
[36m│ Line 3 content                                                            │[0m
[36m└──────────────────────────────────────────────────────────────────────────┘[0m
